| com/github/codeql/test/PublicClass.java:4:21:4:30 | arg | command-injection, path-injection, request-forgery, sql-injection\nrelated locations: $@, $@.\nmetadata: $@, $@, $@, $@, $@, $@, $@. | com/github/codeql/test/PublicClass.java:4:21:4:30 | arg | MethodDoc | com/github/codeql/test/PublicClass.java:4:21:4:30 | arg | ClassDoc | file://com.github.codeql.test:1:1:1:1 | com.github.codeql.test | package | file://PublicClass:1:1:1:1 | PublicClass | type | file://true:1:1:1:1 | true | subtypes | file://stuff:1:1:1:1 | stuff | name | file://(String):1:1:1:1 | (String) | signature | file://Argument[0]:1:1:1:1 | Argument[0] | input | file://arg:1:1:1:1 | arg | parameterName |
| com/github/codeql/test/PublicClass.java:8:34:8:43 | arg | command-injection, path-injection, request-forgery, sql-injection\nrelated locations: $@, $@.\nmetadata: $@, $@, $@, $@, $@, $@, $@. | com/github/codeql/test/PublicClass.java:8:34:8:43 | arg | MethodDoc | com/github/codeql/test/PublicClass.java:8:34:8:43 | arg | ClassDoc | file://com.github.codeql.test:1:1:1:1 | com.github.codeql.test | package | file://PublicClass:1:1:1:1 | PublicClass | type | file://false:1:1:1:1 | false | subtypes | file://staticStuff:1:1:1:1 | staticStuff | name | file://(String):1:1:1:1 | (String) | signature | file://Argument[0]:1:1:1:1 | Argument[0] | input | file://arg:1:1:1:1 | arg | parameterName |
| java/nio/file/Files.java:12:42:12:57 | out | command-injection, path-injection, request-forgery, sql-injection\nrelated locations: $@, $@.\nmetadata: $@, $@, $@, $@, $@, $@, $@. | java/nio/file/Files.java:12:42:12:57 | out | MethodDoc | java/nio/file/Files.java:12:42:12:57 | out | ClassDoc | file://java.nio.file:1:1:1:1 | java.nio.file | package | file://Files:1:1:1:1 | Files | type | file://false:1:1:1:1 | false | subtypes | file://copy:1:1:1:1 | copy | name | file://(Path,OutputStream):1:1:1:1 | (Path,OutputStream) | signature | file://Argument[1]:1:1:1:1 | Argument[1] | input | file://out:1:1:1:1 | out | parameterName |
