| Test.java:17:4:17:9 | source | path-injection\nrelated locations: $@.\nmetadata: $@, $@, $@, $@, $@, $@. | Test.java:16:3:20:3 | copy(...) | CallContext | file://java.nio.file:1:1:1:1 | java.nio.file | package | file://Files:1:1:1:1 | Files | type | file://false:1:1:1:1 | false | subtypes | file://copy:1:1:1:1 | copy | name | file://(Path,Path,CopyOption[]):1:1:1:1 | (Path,Path,CopyOption[]) | signature | file://Argument[0]:1:1:1:1 | Argument[0] | input |
| Test.java:18:4:18:9 | target | path-injection\nrelated locations: $@.\nmetadata: $@, $@, $@, $@, $@, $@. | Test.java:16:3:20:3 | copy(...) | CallContext | file://java.nio.file:1:1:1:1 | java.nio.file | package | file://Files:1:1:1:1 | Files | type | file://false:1:1:1:1 | false | subtypes | file://copy:1:1:1:1 | copy | name | file://(Path,Path,CopyOption[]):1:1:1:1 | (Path,Path,CopyOption[]) | signature | file://Argument[1]:1:1:1:1 | Argument[1] | input |
