| Test.java:14:3:14:11 | reference | command-injection, path-injection, request-forgery, sql-injection\nrelated locations: $@.\nmetadata: $@, $@, $@, $@, $@, $@. | Test.java:14:3:14:24 | set(...) | CallContext | file://java.util.concurrent.atomic:1:1:1:1 | java.util.concurrent.atomic | package | file://AtomicReference:1:1:1:1 | AtomicReference | type | file://false:1:1:1:1 | false | subtypes | file://set:1:1:1:1 | set | name | file://(String):1:1:1:1 | (String) | signature | file://Argument[this]:1:1:1:1 | Argument[this] | input |
| Test.java:20:3:20:10 | supplier | command-injection, path-injection, request-forgery, sql-injection\nrelated locations: $@.\nmetadata: $@, $@, $@, $@, $@, $@. | Test.java:20:3:20:16 | get(...) | CallContext | file://java.util.function:1:1:1:1 | java.util.function | package | file://Supplier:1:1:1:1 | Supplier | type | file://true:1:1:1:1 | true | subtypes | file://get:1:1:1:1 | get | name | file://():1:1:1:1 | () | signature | file://Argument[this]:1:1:1:1 | Argument[this] | input |
